// Jest Snapshot v1, https://goo.gl/fbAQLP

exports[`src/pages/Login render 1`] = `
<div>
  Login
  <img
    src="/assets/ic-close.svg"
  />
  <DataButton
    buttonProps={
      Object {
        "color": "primary",
        "disabled": false,
        "variant": "contained",
      }
    }
    id="mantul"
    isLoading={false}
    onClick={[Function]}
  >
    ini button
  </DataButton>
</div>
`;
