// Jest Snapshot v1, https://goo.gl/fbAQLP

exports[`src/components/fields/Password render 1`] = `
<div
  className=""
>
  <label>
    
  </label>
  <div
    className=""
  >
    <input
      type="password"
    />
    <button
      onClick={[Function]}
      type="button"
    >
      <img
        alt="hide"
        src="/assets/ic-password-hide.svg"
      />
    </button>
  </div>
</div>
`;
